Novo usuario criado.
Novo usuario criado.
Novo usuario criado.
bye c
bye b
login as 'v' failed
bye a
bye b
Usuario excluido com sucesso.
login as 'x' failed
bye a
bye c

